// Jest Snapshot v1, https://goo.gl/fbAQLP

exports[`Register user works correctly Should retrieve me profile 1`] = `
Object {
  "data": Object {
    "me": Object {
      "email": "prueba@prueba.com",
      "first_name": "prueba",
      "last_name": "prueba",
    },
  },
}
`;
